/home/runner/work/NatureOS/NatureOS/src/core-api/Controllers/MasDevicesController.cs(302,46): error CS0234: The type or namespace name 'DeviceStatus' does not exist in the namespace 'NatureOS.CoreApi.Services' (are you missing an assembly reference?) [/home/runner/work/NatureOS/NatureOS/src/core-api/NatureOS.CoreApi.csproj]
/home/runner/work/NatureOS/NatureOS/src/core-api/Controllers/MasDevicesController.cs(302,46): error CS0234: The type or namespace name 'DeviceStatus' does not exist in the namespace 'NatureOS.CoreApi.Services' (are you missing an assembly reference?) [/home/runner/work/NatureOS/NatureOS/src/core-api/NatureOS.CoreApi.csproj]
